This is pdfTeX, Version 3.141592653-2.6-1.40.23 (TeX Live 2021) (preloaded format=pdflatex 2022.3.24)  22 JUL 2026 08:07
entering extended mode
 restricted \write18 enabled.
 %&-line parsing enabled.
**moving_cavity_investigation.tex
(./moving_cavity_investigation.tex
LaTeX2e <2021-11-15> patch level 1
L3 programming layer <2022-02-24>
(/sw/spack-levante/texlive-live2021-l5o6sw/texmf-dist/tex/latex/base/article.cl
s
Document Class: article 2021/10/04 v1.4n Standard LaTeX document class

(/sw/spack-levante/texlive-live2021-l5o6sw/texmf-dist/tex/latex/base/size11.clo
File: size11.clo 2021/10/04 v1.4n Standard LaTeX file (size option)
)
\c@part=\count185
\c@section=\count186
\c@subsection=\count187
\c@subsubsection=\count188
\c@paragraph=\count189
\c@subparagraph=\count190
\c@figure=\count191
\c@table=\count192
\abovecaptionskip=\skip47
\belowcaptionskip=\skip48
\bibindent=\dimen138
)
(/sw/spack-levante/texlive-live2021-l5o6sw/texmf-dist/tex/latex/geometry/geomet
ry.sty
Package: geometry 2020/01/02 v5.9 Page Geometry

(/sw/spack-levante/texlive-live2021-l5o6sw/texmf-dist/tex/latex/graphics/keyval
.sty
Package: keyval 2014/10/28 v1.15 key=value parser (DPC)
\KV@toks@=\toks16
)
(/sw/spack-levante/texlive-live2021-l5o6sw/texmf-dist/tex/generic/iftex/ifvtex.
sty
Package: ifvtex 2019/10/25 v1.7 ifvtex legacy package. Use iftex instead.

(/sw/spack-levante/texlive-live2021-l5o6sw/texmf-dist/tex/generic/iftex/iftex.s
ty
Package: iftex 2022/02/03 v1.0f TeX engine tests
))
\Gm@cnth=\count193
\Gm@cntv=\count194
\c@Gm@tempcnt=\count195
\Gm@bindingoffset=\dimen139
\Gm@wd@mp=\dimen140
\Gm@odd@mp=\dimen141
\Gm@even@mp=\dimen142
\Gm@layoutwidth=\dimen143
\Gm@layoutheight=\dimen144
\Gm@layouthoffset=\dimen145
\Gm@layoutvoffset=\dimen146
\Gm@dimlist=\toks17
)
(/sw/spack-levante/texlive-live2021-l5o6sw/texmf-dist/tex/latex/amsmath/amsmath
.sty
Package: amsmath 2021/10/15 v2.17l AMS math features
\@mathmargin=\skip49

For additional information on amsmath, use the `?' option.

(/sw/spack-levante/texlive-live2021-l5o6sw/texmf-dist/tex/latex/amsmath/amstext
.sty
Package: amstext 2021/08/26 v2.01 AMS text

(/sw/spack-levante/texlive-live2021-l5o6sw/texmf-dist/tex/latex/amsmath/amsgen.
sty
File: amsgen.sty 1999/11/30 v2.0 generic functions
\@emptytoks=\toks18
\ex@=\dimen147
))
(/sw/spack-levante/texlive-live2021-l5o6sw/texmf-dist/tex/latex/amsmath/amsbsy.
sty
Package: amsbsy 1999/11/29 v1.2d Bold Symbols
\pmbraise@=\dimen148
)
(/sw/spack-levante/texlive-live2021-l5o6sw/texmf-dist/tex/latex/amsmath/amsopn.
sty
Package: amsopn 2021/08/26 v2.02 operator names
)
\inf@bad=\count196
LaTeX Info: Redefining \frac on input line 234.
\uproot@=\count197
\leftroot@=\count198
LaTeX Info: Redefining \overline on input line 399.
\classnum@=\count199
\DOTSCASE@=\count266
LaTeX Info: Redefining \ldots on input line 496.
LaTeX Info: Redefining \dots on input line 499.
LaTeX Info: Redefining \cdots on input line 620.
\Mathstrutbox@=\box50
\strutbox@=\box51
\big@size=\dimen149
LaTeX Font Info:    Redeclaring font encoding OML on input line 743.
LaTeX Font Info:    Redeclaring font encoding OMS on input line 744.
\macc@depth=\count267
\c@MaxMatrixCols=\count268
\dotsspace@=\muskip16
\c@parentequation=\count269
\dspbrk@lvl=\count270
\tag@help=\toks19
\row@=\count271
\column@=\count272
\maxfields@=\count273
\andhelp@=\toks20
\eqnshift@=\dimen150
\alignsep@=\dimen151
\tagshift@=\dimen152
\tagwidth@=\dimen153
\totwidth@=\dimen154
\lineht@=\dimen155
\@envbody=\toks21
\multlinegap=\skip50
\multlinetaggap=\skip51
\mathdisplay@stack=\toks22
LaTeX Info: Redefining \[ on input line 2938.
LaTeX Info: Redefining \] on input line 2939.
)
(/sw/spack-levante/texlive-live2021-l5o6sw/texmf-dist/tex/latex/amsfonts/amssym
b.sty
Package: amssymb 2013/01/14 v3.01 AMS font symbols

(/sw/spack-levante/texlive-live2021-l5o6sw/texmf-dist/tex/latex/amsfonts/amsfon
ts.sty
Package: amsfonts 2013/01/14 v3.01 Basic AMSFonts support
\symAMSa=\mathgroup4
\symAMSb=\mathgroup5
LaTeX Font Info:    Redeclaring math symbol \hbar on input line 98.
LaTeX Font Info:    Overwriting math alphabet `\mathfrak' in version `bold'
(Font)                  U/euf/m/n --> U/euf/b/n on input line 106.
))
(/sw/spack-levante/texlive-live2021-l5o6sw/texmf-dist/tex/latex/booktabs/bookta
bs.sty
Package: booktabs 2020/01/12 v1.61803398 Publication quality tables
\heavyrulewidth=\dimen156
\lightrulewidth=\dimen157
\cmidrulewidth=\dimen158
\belowrulesep=\dimen159
\belowbottomsep=\dimen160
\aboverulesep=\dimen161
\abovetopsep=\dimen162
\cmidrulesep=\dimen163
\cmidrulekern=\dimen164
\defaultaddspace=\dimen165
\@cmidla=\count274
\@cmidlb=\count275
\@aboverulesep=\dimen166
\@belowrulesep=\dimen167
\@thisruleclass=\count276
\@lastruleclass=\count277
\@thisrulewidth=\dimen168
)
(/sw/spack-levante/texlive-live2021-l5o6sw/texmf-dist/tex/latex/tools/longtable
.sty
Package: longtable 2021-09-01 v4.17 Multi-page Table package (DPC)
\LTleft=\skip52
\LTright=\skip53
\LTpre=\skip54
\LTpost=\skip55
\LTchunksize=\count278
\LTcapwidth=\dimen169
\LT@head=\box52
\LT@firsthead=\box53
\LT@foot=\box54
\LT@lastfoot=\box55
\LT@gbox=\box56
\LT@cols=\count279
\LT@rows=\count280
\c@LT@tables=\count281
\c@LT@chunks=\count282
\LT@p@ftn=\toks23
)
(/sw/spack-levante/texlive-live2021-l5o6sw/texmf-dist/tex/latex/xcolor/xcolor.s
ty
Package: xcolor 2021/10/31 v2.13 LaTeX color extensions (UK)

(/sw/spack-levante/texlive-live2021-l5o6sw/texmf-dist/tex/latex/graphics-cfg/co
lor.cfg
File: color.cfg 2016/01/02 v1.6 sample color configuration
)
Package xcolor Info: Driver file: pdftex.def on input line 227.

(/sw/spack-levante/texlive-live2021-l5o6sw/texmf-dist/tex/latex/graphics-def/pd
ftex.def
File: pdftex.def 2020/10/05 v1.2a Graphics/color driver for pdftex
)
Package xcolor Info: Model `cmy' substituted by `cmy0' on input line 1352.
Package xcolor Info: Model `hsb' substituted by `rgb' on input line 1356.
Package xcolor Info: Model `RGB' extended on input line 1368.
Package xcolor Info: Model `HTML' substituted by `rgb' on input line 1370.
Package xcolor Info: Model `Hsb' substituted by `hsb' on input line 1371.
Package xcolor Info: Model `tHsb' substituted by `hsb' on input line 1372.
Package xcolor Info: Model `HSB' substituted by `hsb' on input line 1373.
Package xcolor Info: Model `Gray' substituted by `gray' on input line 1374.
Package xcolor Info: Model `wave' substituted by `hsb' on input line 1375.
)
(/sw/spack-levante/texlive-live2021-l5o6sw/texmf-dist/tex/latex/hyperref/hyperr
ef.sty
Package: hyperref 2022-02-21 v7.00n Hypertext links for LaTeX

(/sw/spack-levante/texlive-live2021-l5o6sw/texmf-dist/tex/generic/ltxcmds/ltxcm
ds.sty
Package: ltxcmds 2020-05-10 v1.25 LaTeX kernel commands for general use (HO)
)
(/sw/spack-levante/texlive-live2021-l5o6sw/texmf-dist/tex/generic/pdftexcmds/pd
ftexcmds.sty
Package: pdftexcmds 2020-06-27 v0.33 Utility functions of pdfTeX for LuaTeX (HO
)

(/sw/spack-levante/texlive-live2021-l5o6sw/texmf-dist/tex/generic/infwarerr/inf
warerr.sty
Package: infwarerr 2019/12/03 v1.5 Providing info/warning/error messages (HO)
)
Package pdftexcmds Info: \pdf@primitive is available.
Package pdftexcmds Info: \pdf@ifprimitive is available.
Package pdftexcmds Info: \pdfdraftmode found.
)
(/sw/spack-levante/texlive-live2021-l5o6sw/texmf-dist/tex/generic/kvsetkeys/kvs
etkeys.sty
Package: kvsetkeys 2019/12/15 v1.18 Key value parser (HO)
)
(/sw/spack-levante/texlive-live2021-l5o6sw/texmf-dist/tex/generic/kvdefinekeys/
kvdefinekeys.sty
Package: kvdefinekeys 2019-12-19 v1.6 Define keys (HO)
)
(/sw/spack-levante/texlive-live2021-l5o6sw/texmf-dist/tex/generic/pdfescape/pdf
escape.sty
Package: pdfescape 2019/12/09 v1.15 Implements pdfTeX's escape features (HO)
)
(/sw/spack-levante/texlive-live2021-l5o6sw/texmf-dist/tex/latex/hycolor/hycolor
.sty
Package: hycolor 2020-01-27 v1.10 Color options for hyperref/bookmark (HO)
)
(/sw/spack-levante/texlive-live2021-l5o6sw/texmf-dist/tex/latex/letltxmacro/let
ltxmacro.sty
Package: letltxmacro 2019/12/03 v1.6 Let assignment for LaTeX macros (HO)
)
(/sw/spack-levante/texlive-live2021-l5o6sw/texmf-dist/tex/latex/auxhook/auxhook
.sty
Package: auxhook 2019-12-17 v1.6 Hooks for auxiliary files (HO)
)
(/sw/spack-levante/texlive-live2021-l5o6sw/texmf-dist/tex/latex/kvoptions/kvopt
ions.sty
Package: kvoptions 2020-10-07 v3.14 Key value format for package options (HO)
)
\@linkdim=\dimen170
\Hy@linkcounter=\count283
\Hy@pagecounter=\count284

(/sw/spack-levante/texlive-live2021-l5o6sw/texmf-dist/tex/latex/hyperref/pd1enc
.def
File: pd1enc.def 2022-02-21 v7.00n Hyperref: PDFDocEncoding definition (HO)
Now handling font encoding PD1 ...
... no UTF-8 mapping file for font encoding PD1
)
(/sw/spack-levante/texlive-live2021-l5o6sw/texmf-dist/tex/generic/intcalc/intca
lc.sty
Package: intcalc 2019/12/15 v1.3 Expandable calculations with integers (HO)
)
(/sw/spack-levante/texlive-live2021-l5o6sw/texmf-dist/tex/generic/etexcmds/etex
cmds.sty
Package: etexcmds 2019/12/15 v1.7 Avoid name clashes with e-TeX commands (HO)
)
\Hy@SavedSpaceFactor=\count285

(/sw/spack-levante/texlive-live2021-l5o6sw/texmf-dist/tex/latex/hyperref/puenc.
def
File: puenc.def 2022-02-21 v7.00n Hyperref: PDF Unicode definition (HO)
Now handling font encoding PU ...
... no UTF-8 mapping file for font encoding PU
)
Package hyperref Info: Hyper figures OFF on input line 4137.
Package hyperref Info: Link nesting OFF on input line 4142.
Package hyperref Info: Hyper index ON on input line 4145.
Package hyperref Info: Plain pages OFF on input line 4152.
Package hyperref Info: Backreferencing OFF on input line 4157.
Package hyperref Info: Implicit mode ON; LaTeX internals redefined.
Package hyperref Info: Bookmarks ON on input line 4390.
\c@Hy@tempcnt=\count286

(/sw/spack-levante/texlive-live2021-l5o6sw/texmf-dist/tex/latex/url/url.sty
\Urlmuskip=\muskip17
Package: url 2013/09/16  ver 3.4  Verb mode for urls, etc.
)
LaTeX Info: Redefining \url on input line 4749.
\XeTeXLinkMargin=\dimen171

(/sw/spack-levante/texlive-live2021-l5o6sw/texmf-dist/tex/generic/bitset/bitset
.sty
Package: bitset 2019/12/09 v1.3 Handle bit-vector datatype (HO)

(/sw/spack-levante/texlive-live2021-l5o6sw/texmf-dist/tex/generic/bigintcalc/bi
gintcalc.sty
Package: bigintcalc 2019/12/15 v1.5 Expandable calculations on big integers (HO
)
))
\Fld@menulength=\count287
\Field@Width=\dimen172
\Fld@charsize=\dimen173
Package hyperref Info: Hyper figures OFF on input line 6027.
Package hyperref Info: Link nesting OFF on input line 6032.
Package hyperref Info: Hyper index ON on input line 6035.
Package hyperref Info: backreferencing OFF on input line 6042.
Package hyperref Info: Link coloring OFF on input line 6047.
Package hyperref Info: Link coloring with OCG OFF on input line 6052.
Package hyperref Info: PDF/A mode OFF on input line 6057.
LaTeX Info: Redefining \ref on input line 6097.
LaTeX Info: Redefining \pageref on input line 6101.

(/sw/spack-levante/texlive-live2021-l5o6sw/texmf-dist/tex/latex/base/atbegshi-l
tx.sty
Package: atbegshi-ltx 2021/01/10 v1.0c Emulation of the original atbegshi
package with kernel methods
)
\Hy@abspage=\count288
\c@Item=\count289
\c@Hfootnote=\count290
)
Package hyperref Info: Driver (autodetected): hpdftex.

(/sw/spack-levante/texlive-live2021-l5o6sw/texmf-dist/tex/latex/hyperref/hpdfte
x.def
File: hpdftex.def 2022-02-21 v7.00n Hyperref driver for pdfTeX

(/sw/spack-levante/texlive-live2021-l5o6sw/texmf-dist/tex/latex/base/atveryend-
ltx.sty
Package: atveryend-ltx 2020/08/19 v1.0a Emulation of the original atveryend pac
kage
with kernel methods
)
\Fld@listcount=\count291
\c@bookmark@seq@number=\count292

(/sw/spack-levante/texlive-live2021-l5o6sw/texmf-dist/tex/latex/rerunfilecheck/
rerunfilecheck.sty
Package: rerunfilecheck 2019/12/05 v1.9 Rerun checks for auxiliary files (HO)

(/sw/spack-levante/texlive-live2021-l5o6sw/texmf-dist/tex/generic/uniquecounter
/uniquecounter.sty
Package: uniquecounter 2019/12/15 v1.4 Provide unlimited unique counter (HO)
)
Package uniquecounter Info: New unique counter `rerunfilecheck' on input line 2
86.
)
\Hy@SectionHShift=\skip56
)
(/sw/spack-levante/texlive-live2021-l5o6sw/texmf-dist/tex/latex/graphics/graphi
cx.sty
Package: graphicx 2021/09/16 v1.2d Enhanced LaTeX Graphics (DPC,SPQR)

(/sw/spack-levante/texlive-live2021-l5o6sw/texmf-dist/tex/latex/graphics/graphi
cs.sty
Package: graphics 2021/03/04 v1.4d Standard LaTeX Graphics (DPC,SPQR)

(/sw/spack-levante/texlive-live2021-l5o6sw/texmf-dist/tex/latex/graphics/trig.s
ty
Package: trig 2021/08/11 v1.11 sin cos tan (DPC)
)
(/sw/spack-levante/texlive-live2021-l5o6sw/texmf-dist/tex/latex/graphics-cfg/gr
aphics.cfg
File: graphics.cfg 2016/06/04 v1.11 sample graphics configuration
)
Package graphics Info: Driver file: pdftex.def on input line 107.
)
\Gin@req@height=\dimen174
\Gin@req@width=\dimen175
)
(/sw/spack-levante/texlive-live2021-l5o6sw/texmf-dist/tex/latex/float/float.sty
Package: float 2001/11/08 v1.3d Float enhancements (AL)
\c@float@type=\count293
\float@exts=\toks24
\float@box=\box57
\@float@everytoks=\toks25
\@floatcapt=\box58
)
(/sw/spack-levante/texlive-live2021-l5o6sw/texmf-dist/tex/latex/base/fontenc.st
y
Package: fontenc 2021/04/29 v2.0v Standard LaTeX package
)
(/sw/spack-levante/texlive-live2021-l5o6sw/texmf-dist/tex/generic/ulem/ulem.sty
\UL@box=\box59
\UL@hyphenbox=\box60
\UL@skip=\skip57
\UL@hook=\toks26
\UL@height=\dimen176
\UL@pe=\count294
\UL@pixel=\dimen177
\ULC@box=\box61
Package: ulem 2019/11/18
\ULdepth=\dimen178
)
Package hyperref Info: Option `colorlinks' set `true' on input line 7.

(/sw/spack-levante/texlive-live2021-l5o6sw/texmf-dist/tex/latex/l3backend/l3bac
kend-pdftex.def
File: l3backend-pdftex.def 2022-02-07 L3 backend support: PDF output (pdfTeX)
\l__color_backend_stack_int=\count295
\l__pdf_internal_box=\box62
) (./moving_cavity_investigation.aux)
\openout1 = `moving_cavity_investigation.aux'.

LaTeX Font Info:    Checking defaults for OML/cmm/m/it on input line 19.
LaTeX Font Info:    ... okay on input line 19.
LaTeX Font Info:    Checking defaults for OMS/cmsy/m/n on input line 19.
LaTeX Font Info:    ... okay on input line 19.
LaTeX Font Info:    Checking defaults for OT1/cmr/m/n on input line 19.
LaTeX Font Info:    ... okay on input line 19.
LaTeX Font Info:    Checking defaults for T1/cmr/m/n on input line 19.
LaTeX Font Info:    ... okay on input line 19.
LaTeX Font Info:    Checking defaults for TS1/cmr/m/n on input line 19.
LaTeX Font Info:    ... okay on input line 19.
LaTeX Font Info:    Checking defaults for OMX/cmex/m/n on input line 19.
LaTeX Font Info:    ... okay on input line 19.
LaTeX Font Info:    Checking defaults for U/cmr/m/n on input line 19.
LaTeX Font Info:    ... okay on input line 19.
LaTeX Font Info:    Checking defaults for PD1/pdf/m/n on input line 19.
LaTeX Font Info:    ... okay on input line 19.
LaTeX Font Info:    Checking defaults for PU/pdf/m/n on input line 19.
LaTeX Font Info:    ... okay on input line 19.

*geometry* driver: auto-detecting
*geometry* detected driver: pdftex
*geometry* verbose mode - [ preamble ] result:
* driver: pdftex
* paper: a4paper
* layout: <same size as paper>
* layoutoffset:(h,v)=(0.0pt,0.0pt)
* modes: 
* h-part:(L,W,R)=(62.59596pt, 472.31595pt, 62.59596pt)
* v-part:(T,H,B)=(62.59596pt, 719.85492pt, 62.59596pt)
* \paperwidth=597.50787pt
* \paperheight=845.04684pt
* \textwidth=472.31595pt
* \textheight=719.85492pt
* \oddsidemargin=-9.67403pt
* \evensidemargin=-9.67403pt
* \topmargin=-46.67403pt
* \headheight=12.0pt
* \headsep=25.0pt
* \topskip=11.0pt
* \footskip=30.0pt
* \marginparwidth=50.0pt
* \marginparsep=10.0pt
* \columnsep=10.0pt
* \skip\footins=10.0pt plus 4.0pt minus 2.0pt
* \hoffset=0.0pt
* \voffset=0.0pt
* \mag=1000
* \@twocolumnfalse
* \@twosidefalse
* \@mparswitchfalse
* \@reversemarginfalse
* (1in=72.27pt=25.4mm, 1cm=28.453pt)


(/sw/spack-levante/texlive-live2021-l5o6sw/texmf-dist/tex/context/base/mkii/sup
p-pdf.mkii
[Loading MPS to PDF converter (version 2006.09.02).]
\scratchcounter=\count296
\scratchdimen=\dimen179
\scratchbox=\box63
\nofMPsegments=\count297
\nofMParguments=\count298
\everyMPshowfont=\toks27
\MPscratchCnt=\count299
\MPscratchDim=\dimen180
\MPnumerator=\count300
\makeMPintoPDFobject=\count301
\everyMPtoPDFconversion=\toks28
)
(/sw/spack-levante/texlive-live2021-l5o6sw/texmf-dist/tex/latex/epstopdf-pkg/ep
stopdf-base.sty
Package: epstopdf-base 2020-01-24 v2.11 Base part for package epstopdf

(/sw/spack-levante/texlive-live2021-l5o6sw/texmf-dist/tex/latex/grfext/grfext.s
ty
Package: grfext 2019/12/03 v1.3 Manage graphics extensions (HO)
)
Package epstopdf-base Info: Redefining graphics rule for `.eps' on input line 4
85.
Package grfext Info: Graphics extension search list:
(grfext)             [.pdf,.png,.jpg,.mps,.jpeg,.jbig2,.jb2,.PDF,.PNG,.JPG,.JPE
G,.JBIG2,.JB2,.eps]
(grfext)             \AppendGraphicsExtensions on input line 504.

(/sw/spack-levante/texlive-live2021-l5o6sw/texmf-dist/tex/latex/latexconfig/eps
topdf-sys.cfg
File: epstopdf-sys.cfg 2010/07/13 v1.3 Configuration of (r)epstopdf for TeX Liv
e
))
Package hyperref Info: Link coloring ON on input line 19.

(/sw/spack-levante/texlive-live2021-l5o6sw/texmf-dist/tex/latex/hyperref/namere
f.sty
Package: nameref 2021-04-02 v2.47 Cross-referencing by name of section

(/sw/spack-levante/texlive-live2021-l5o6sw/texmf-dist/tex/latex/refcount/refcou
nt.sty
Package: refcount 2019/12/15 v3.6 Data extraction from label references (HO)
)
(/sw/spack-levante/texlive-live2021-l5o6sw/texmf-dist/tex/generic/gettitlestrin
g/gettitlestring.sty
Package: gettitlestring 2019/12/15 v1.6 Cleanup title references (HO)
)
\c@section@level=\count302
)
LaTeX Info: Redefining \ref on input line 19.
LaTeX Info: Redefining \pageref on input line 19.
LaTeX Info: Redefining \nameref on input line 19.
 (./moving_cavity_investigation.out)
(./moving_cavity_investigation.out)
\@outlinefile=\write3
\openout3 = `moving_cavity_investigation.out'.

LaTeX Font Info:    Trying to load font information for U+msa on input line 21.


(/sw/spack-levante/texlive-live2021-l5o6sw/texmf-dist/tex/latex/amsfonts/umsa.f
d
File: umsa.fd 2013/01/14 v3.01 AMS symbols A
)
LaTeX Font Info:    Trying to load font information for U+msb on input line 21.


(/sw/spack-levante/texlive-live2021-l5o6sw/texmf-dist/tex/latex/amsfonts/umsb.f
d
File: umsb.fd 2013/01/14 v3.01 AMS symbols B
)
LaTeX Font Info:    Trying to load font information for T1+cmtt on input line 4
3.

(/sw/spack-levante/texlive-live2021-l5o6sw/texmf-dist/tex/latex/base/t1cmtt.fd
File: t1cmtt.fd 2019/12/16 v2.5j Standard LaTeX font definitions
)
LaTeX Font Info:    Font shape `T1/cmtt/bx/n' in size <10> not available
(Font)              Font shape `T1/cmtt/m/n' tried instead on input line 43.
(./moving_cavity_investigation.toc [1

{/sw/spack-levante/texlive-live2021-l5o6sw/texmf-var/fonts/map/pdftex/updmap/pd
ftex.map}])
\tf@toc=\write4
\openout4 = `moving_cavity_investigation.toc'.

 [2]
<../figures//pism_change/pism_change_planview.png, id=156, 1228.59pt x 534.798p
t>
File: ../figures//pism_change/pism_change_planview.png Graphic file (type png)
<use ../figures//pism_change/pism_change_planview.png>
Package pdftex.def Info: ../figures//pism_change/pism_change_planview.png  used
 on input line 106.
(pdftex.def)             Requested size: 472.31595pt x 205.6pt.
<../figures//pism_change/pism_change_section.png, id=158, 975.33078pt x 448.074
pt>
File: ../figures//pism_change/pism_change_section.png Graphic file (type png)
<use ../figures//pism_change/pism_change_section.png>
Package pdftex.def Info: ../figures//pism_change/pism_change_section.png  used 
on input line 107.
(pdftex.def)             Requested size: 434.5298pt x 199.62817pt.
LaTeX Font Info:    Font shape `T1/cmtt/bx/n' in size <10.95> not available
(Font)              Font shape `T1/cmtt/m/n' tried instead on input line 114.
<../figures//spp/sst_scramble_global.png, id=159, 939.51pt x 794.97pt>
File: ../figures//spp/sst_scramble_global.png Graphic file (type png)
<use ../figures//spp/sst_scramble_global.png>
Package pdftex.def Info: ../figures//spp/sst_scramble_global.png  used on input
 line 124.
(pdftex.def)             Requested size: 472.31595pt x 399.6432pt.
 [3pdfTeX warning (ext4): destination with the same identifier (name{figure.1})
 has been already used, duplicate ignored
<argument> ...shipout:D \box_use:N \l_shipout_box 
                                                  \__shipout_drop_firstpage_...
l.130 
       <../figures//pism_change/pism_change_planview.png> <../figures//pism_cha
nge/pism_change_section.png>] [4pdfTeX warning (ext4): destination with the sam
e identifier (name{figure.2}) has been already used, duplicate ignored
<argument> ...shipout:D \box_use:N \l_shipout_box 
                                                  \__shipout_drop_firstpage_...
l.148 
       <../figures//spp/sst_scramble_global.png>]
<../figures//spp/wam_maxocean.png, id=177, 1005.15524pt x 500.46976pt>
File: ../figures//spp/wam_maxocean.png Graphic file (type png)
<use ../figures//spp/wam_maxocean.png>
Package pdftex.def Info: ../figures//spp/wam_maxocean.png  used on input line 1
74.
(pdftex.def)             Requested size: 472.31595pt x 235.16736pt.


Package hyperref Warning: Token not allowed in a PDF string (Unicode):
(hyperref)                removing `math shift' on input line 181.


Package hyperref Warning: Token not allowed in a PDF string (Unicode):
(hyperref)                removing `\to' on input line 181.


Package hyperref Warning: Token not allowed in a PDF string (Unicode):
(hyperref)                removing `math shift' on input line 181.

[5pdfTeX warning (ext4): destination with the same identifier (name{figure.3}) 
has been already used, duplicate ignored
<argument> ...shipout:D \box_use:N \l_shipout_box 
                                                  \__shipout_drop_firstpage_...
l.188 \paragraph
                {Layer 1: MIZ aliasing of the sent temperature.} FESOM sent ...
 <../figures//spp/wam_maxocean.png>]
Overfull \hbox (1.57486pt too wide) in paragraph at lines 211--215
[]\T1/cmr/m/n/10.95 The re-ceived flux at cold FE-SOM nodes is \T1/cmr/bx/n/10.
95 un-phys-i-cal and anti-braking\T1/cmr/m/n/10.95 : mean $\OMS/cmsy/m/n/10.95 
^^@\OT1/cmr/m/n/10.95 15\OML/cmm/m/it/10.95 :\OT1/cmr/m/n/10.95 8$\T1/cmr/m/n/1
0.95 kW/m$[]$
 []


Overfull \hbox (22.90422pt too wide) in paragraph at lines 220--225
[]\T1/cmr/m/n/10.95 The rea-son the skin can sit 80K be-low the air: \T1/cmtt/m
/n/10 vlamsk_mod.F90\T1/cmr/m/n/10.95 , sea-ice tile, with \T1/cmtt/m/n/10 LNEM
OSICOUP=.true.
 []


Overfull \hbox (0.31607pt too wide) in paragraph at lines 242--250
\T1/cmr/m/n/10.95 whose path \T1/cmtt/m/n/10 esm_runscripts/chunky_parts.py \T1
/cmr/m/n/10.95 builds by \T1/cmr/m/it/10.95 raw string con-cate-na-tion of \T1/
cmtt/m/it/10 general.base_dir
 []

[6]
Overfull \hbox (60.89682pt too wide) in paragraph at lines 251--256
\T1/cmr/m/n/10.95 gen-uine awiesm3$\OMS/cmsy/m/n/10.95 !$\T1/cmr/m/n/10.95 PISM
 han-dover of the cam-paign (mov-cav27), and a full awiesm3$\OMS/cmsy/m/n/10.95
 !$\T1/cmr/m/n/10.95 PISM$\OMS/cmsy/m/n/10.95 !$\T1/cmr/m/n/10.95 couple_out$\O
MS/cmsy/m/n/10.95 !$\T1/cmr/m/n/10.95 chunk-
 []


Underfull \hbox (badness 10000) in paragraph at lines 296--298
[]\T1/cmr/m/n/10.95 FESOM's albedo drives OIFS ra-di-a-tion
 []

[7]
<../figures//seaice/senddbg_collapse.png, id=203, 711.8595pt x 257.0747pt>
File: ../figures//seaice/senddbg_collapse.png Graphic file (type png)
<use ../figures//seaice/senddbg_collapse.png>
Package pdftex.def Info: ../figures//seaice/senddbg_collapse.png  used on input
 line 321.
(pdftex.def)             Requested size: 425.08147pt x 153.51247pt.
 [8]
<zero_water_george6.png, id=210, 903.375pt x 794.97pt>
File: zero_water_george6.png Graphic file (type png)
<use zero_water_george6.png>
Package pdftex.def Info: zero_water_george6.png  used on input line 376.
(pdftex.def)             Requested size: 472.31595pt x 415.643pt.
 [9pdfTeX warning (ext4): destination with the same identifier (name{figure.4})
 has been already used, duplicate ignored
<argument> ...shipout:D \box_use:N \l_shipout_box 
                                                  \__shipout_drop_firstpage_...
l.387 
       <../figures//seaice/senddbg_collapse.png>] [10pdfTeX warning (ext4): des
tination with the same identifier (name{figure.5}) has been already used, dupli
cate ignored
<argument> ...shipout:D \box_use:N \l_shipout_box 
                                                  \__shipout_drop_firstpage_...
l.405 \subsubsection
                    *{Bug VII --- the drowned island} <./zero_water_george6.png
>]
<elephant_island_anatomy.png, id=225, 939.51pt x 650.43pt>
File: elephant_island_anatomy.png Graphic file (type png)
<use elephant_island_anatomy.png>
Package pdftex.def Info: elephant_island_anatomy.png  used on input line 423.
(pdftex.def)             Requested size: 472.31595pt x 326.9808pt.
<elephant_island_drowned.png, id=226, 1011.78pt x 505.89pt>
File: elephant_island_drowned.png Graphic file (type png)
<use elephant_island_drowned.png>
Package pdftex.def Info: elephant_island_drowned.png  used on input line 435.
(pdftex.def)             Requested size: 472.31595pt x 236.16272pt.
 [11pdfTeX warning (ext4): destination with the same identifier (name{figure.6}
) has been already used, duplicate ignored
<argument> ...shipout:D \box_use:N \l_shipout_box 
                                                  \__shipout_drop_firstpage_...
l.442 
       <./elephant_island_anatomy.png>] [12pdfTeX warning (ext4): destination w
ith the same identifier (name{figure.7}) has been already used, duplicate ignor
ed
<argument> ...shipout:D \box_use:N \l_shipout_box 
                                                  \__shipout_drop_firstpage_...
l.483 
       <./elephant_island_drowned.png>]
<movcav34_evolution_timelines.png, id=247, 794.97pt x 722.7pt>
File: movcav34_evolution_timelines.png Graphic file (type png)
<use movcav34_evolution_timelines.png>
Package pdftex.def Info: movcav34_evolution_timelines.png  used on input line 4
86.
(pdftex.def)             Requested size: 472.31595pt x 429.38878pt.
<fris_top_side_chunks.png, id=248, 1084.05pt x 939.51pt>
File: fris_top_side_chunks.png Graphic file (type png)
<use fris_top_side_chunks.png>
Package pdftex.def Info: fris_top_side_chunks.png  used on input line 498.
(pdftex.def)             Requested size: 472.31595pt x 409.343pt.
 [13pdfTeX warning (ext4): destination with the same identifier (name{figure.8}
) has been already used, duplicate ignored
<argument> ...shipout:D \box_use:N \l_shipout_box 
                                                  \__shipout_drop_firstpage_...
l.505 
       <./movcav34_evolution_timelines.png>] [14pdfTeX warning (ext4): destinat
ion with the same identifier (name{figure.9}) has been already used, duplicate 
ignored
<argument> ...shipout:D \box_use:N \l_shipout_box 
                                                  \__shipout_drop_firstpage_...
l.528 
       <./fris_top_side_chunks.png>]
Overfull \hbox (15.16258pt too wide) in paragraph at lines 559--564
\T1/cmr/m/n/10.95 averaged against an ob-served circum-Antarctic $\OMS/cmsy/m/n
/10.95 ^^X$\T1/cmr/m/n/10.95 0.8m/yr, and \T1/cmr/m/it/10.95 es-ca-lates \T1/cm
r/m/n/10.95 (0.9$\OMS/cmsy/m/n/10.95 !$\T1/cmr/m/n/10.95 5.5m/yr over 1900$\OMS
/cmsy/m/n/10.95 !$\T1/cmr/m/n/10.95 1901
 []

<melt_diagnosis.png, id=263, 1040.18959pt x 384.77545pt>
File: melt_diagnosis.png Graphic file (type png)
<use melt_diagnosis.png>
Package pdftex.def Info: melt_diagnosis.png  used on input line 567.
(pdftex.def)             Requested size: 472.31595pt x 174.71495pt.
[15] [16pdfTeX warning (ext4): destination with the same identifier (name{figur
e.10}) has been already used, duplicate ignored
<argument> ...shipout:D \box_use:N \l_shipout_box 
                                                  \__shipout_drop_firstpage_...
l.617 
       <./melt_diagnosis.png>]
Overfull \hbox (9.83734pt too wide) in paragraph at lines 626--630
\T1/cmr/m/n/10.95 To test the ``fast cur-rents'' hy-pothe-ses cheaply, a \T1/cm
r/m/it/10.95 stan-dalone \T1/cmr/m/n/10.95 FE-SOM har-ness (\T1/cmtt/m/n/10 bui
ld_sa\T1/cmr/m/n/10.95 , sub-mesh_1901,
 []

<standalone_bifurcation.png, id=277, 650.43pt x 375.804pt>
File: standalone_bifurcation.png Graphic file (type png)
<use standalone_bifurcation.png>
Package pdftex.def Info: standalone_bifurcation.png  used on input line 632.
(pdftex.def)             Requested size: 472.31595pt x 272.90106pt.
[17pdfTeX warning (ext4): destination with the same identifier (name{figure.11}
) has been already used, duplicate ignored
<argument> ...shipout:D \box_use:N \l_shipout_box 
                                                  \__shipout_drop_firstpage_...
l.657 \textbf{Footprint.}
                          Matching submesh\_1901 to the initial submesh by c...
 <./standalone_bifurcation.png>]
LaTeX Font Info:    Font shape `T1/cmtt/bx/n' in size <12> not available
(Font)              Font shape `T1/cmtt/m/n' tried instead on input line 672.
<hnode_seam.png, id=285, 650.43pt x 390.258pt>
File: hnode_seam.png Graphic file (type png)
<use hnode_seam.png>
Package pdftex.def Info: hnode_seam.png  used on input line 686.
(pdftex.def)             Requested size: 387.30254pt x 232.388pt.
 [18pdfTeX warning (ext4): destination with the same identifier (name{figure.12
}) has been already used, duplicate ignored
<argument> ...shipout:D \box_use:N \l_shipout_box 
                                                  \__shipout_drop_firstpage_...
l.705 
       <./hnode_seam.png>]
<movcavlinfs_evolution_timelines.png, id=295, 794.97pt x 722.7pt>
File: movcavlinfs_evolution_timelines.png Graphic file (type png)
<use movcavlinfs_evolution_timelines.png>
Package pdftex.def Info: movcavlinfs_evolution_timelines.png  used on input lin
e 745.
(pdftex.def)             Requested size: 434.5298pt x 395.03812pt.
 [19]
<newly_iced_warmwater.png, id=305, 953.964pt x 440.5978pt>
File: newly_iced_warmwater.png Graphic file (type png)
<use newly_iced_warmwater.png>
Package pdftex.def Info: newly_iced_warmwater.png  used on input line 776.
(pdftex.def)             Requested size: 462.8676pt x 213.78378pt.
 [20pdfTeX warning (ext4): destination with the same identifier (name{figure.13
}) has been already used, duplicate ignored
<argument> ...shipout:D \box_use:N \l_shipout_box 
                                                  \__shipout_drop_firstpage_...
l.785 
       <./movcavlinfs_evolution_timelines.png>]
<movcav37_cavity_speed.png, id=314, 676.34752pt x 369.82303pt>
File: movcav37_cavity_speed.png Graphic file (type png)
<use movcav37_cavity_speed.png>
Package pdftex.def Info: movcav37_cavity_speed.png  used on input line 801.
(pdftex.def)             Requested size: 425.08147pt x 232.43108pt.
 [21pdfTeX warning (ext4): destination with the same identifier (name{figure.14
}) has been already used, duplicate ignored
<argument> ...shipout:D \box_use:N \l_shipout_box 
                                                  \__shipout_drop_firstpage_...
l.808 
       <./newly_iced_warmwater.png>]
<movcav37_evolution_timelines.png, id=322, 794.97pt x 722.7pt>
File: movcav37_evolution_timelines.png Graphic file (type png)
<use movcav37_evolution_timelines.png>
Package pdftex.def Info: movcav37_evolution_timelines.png  used on input line 8
19.
(pdftex.def)             Requested size: 448.6987pt x 407.91824pt.
 [22pdfTeX warning (ext4): destination with the same identifier (name{figure.15
}) has been already used, duplicate ignored
<argument> ...shipout:D \box_use:N \l_shipout_box 
                                                  \__shipout_drop_firstpage_...
l.825 
       <./movcav37_cavity_speed.png>] [23pdfTeX warning (ext4): destination wit
h the same identifier (name{figure.16}) has been already used, duplicate ignore
d
<argument> ...shipout:D \box_use:N \l_shipout_box 
                                                  \__shipout_drop_firstpage_...
l.846 \item \textbf
                   {The high, rising cavity melt is diagnosed} (\S\ref{sec:m...
 <./movcav37_evolution_timelines.png>]
<../figures//seaice/snow_ice_mc25_vs_ref.png, id=341, 1112.44179pt x 722.18379p
t>
File: ../figures//seaice/snow_ice_mc25_vs_ref.png Graphic file (type png)
<use ../figures//seaice/snow_ice_mc25_vs_ref.png>
Package pdftex.def Info: ../figures//seaice/snow_ice_mc25_vs_ref.png  used on i
nput line 874.
(pdftex.def)             Requested size: 472.31595pt x 306.621pt.
 [24]
<../figures//seaice/snow_extent_movcav.png, id=346, 1076.823pt x 725.28107pt>
File: ../figures//seaice/snow_extent_movcav.png Graphic file (type png)
<use ../figures//seaice/snow_extent_movcav.png>
Package pdftex.def Info: ../figures//seaice/snow_extent_movcav.png  used on inp
ut line 885.
(pdftex.def)             Requested size: 472.31595pt x 318.11757pt.
 [25pdfTeX warning (ext4): destination with the same identifier (name{figure.17
}) has been already used, duplicate ignored
<argument> ...shipout:D \box_use:N \l_shipout_box 
                                                  \__shipout_drop_firstpage_...
l.892 
       <../figures//seaice/snow_ice_mc25_vs_ref.png>]
Underfull \hbox (badness 6316) in paragraph at lines 912--913
[]|\T1/cmr/m/n/10.95 Remap ex-trap-o-lated un-bound-edly
 []


Underfull \hbox (badness 6876) in paragraph at lines 916--917
[]|\T1/cmr/m/n/10.95 First mesh-change leg read the
 []


Underfull \hbox (badness 10000) in paragraph at lines 916--917
\T1/cmr/m/n/10.95 mother mesh as cavity-free
 []


Underfull \hbox (badness 10000) in paragraph at lines 916--917
\T1/cmr/m/n/10.95 (\T1/cmtt/m/n/10 cavity_nlvls.out \T1/cmr/m/n/10.95 miss-ing 
from
 []


Underfull \hbox (badness 10000) in paragraph at lines 919--920
[]|\T1/cmr/m/n/10.95 Same-chunk \T1/cmtt/m/n/10 couple_in \T1/cmr/m/n/10.95 re-
run
 []


Underfull \hbox (badness 10000) in paragraph at lines 919--920
\T1/cmr/m/n/10.95 pro-moted its own sub-mesh to
 []


Underfull \hbox (badness 2401) in paragraph at lines 919--920
\T1/cmtt/m/n/10 previous_submesh \T1/cmr/m/n/10.95 (old $\OT1/cmr/m/n/10.95 =$ 
\T1/cmr/m/n/10.95 new $\OMS/cmsy/m/n/10.95 )$
 []


Underfull \hbox (badness 2460) in paragraph at lines 932--932
[]|\T1/cmr/m/n/10.95 ocp-tool flipped a coast-line cell's
 []


Underfull \hbox (badness 10000) in paragraph at lines 933--934
[]|\T1/cmr/m/n/10.95 ocp-tool
 []

[26pdfTeX warning (ext4): destination with the same identifier (name{figure.18}
) has been already used, duplicate ignored
<argument> ...shipout:D \box_use:N \l_shipout_box 
                                                  \__shipout_drop_firstpage_...
l.935 \end{longtable}
                      <../figures//seaice/snow_extent_movcav.png>] [27]
[28] [29] (./moving_cavity_investigation.aux)
Package rerunfilecheck Info: File `moving_cavity_investigation.out' has not cha
nged.
(rerunfilecheck)             Checksum: 65FCC5AB8397C8BD4555433EAC65F6C7;8308.
 ) 
Here is how much of TeX's memory you used:
 11196 strings out of 478276
 175899 string characters out of 5837522
 491162 words of memory out of 5000000
 29111 multiletter control sequences out of 15000+600000
 492666 words of font info for 90 fonts, out of 8000000 for 9000
 1141 hyphenation exceptions out of 8191
 60i,10n,63p,975b,429s stack positions out of 5000i,500n,10000p,200000b,80000s
{/sw/spack-levante/texlive-live2021-l5o6sw/texmf-dist/fonts/enc/dvips/cm-supe
r/cm-super-t1.enc}{/sw/spack-levante/texlive-live2021-l5o6sw/texmf-dist/fonts/e
nc/dvips/cm-super/cm-super-ts1.enc}</sw/spack-levante/texlive-live2021-l5o6sw/t
exmf-dist/fonts/type1/public/amsfonts/cm/cmex10.pfb></sw/spack-levante/texlive-
live2021-l5o6sw/texmf-dist/fonts/type1/public/amsfonts/cm/cmmi10.pfb></sw/spack
-levante/texlive-live2021-l5o6sw/texmf-dist/fonts/type1/public/amsfonts/cm/cmmi
8.pfb></sw/spack-levante/texlive-live2021-l5o6sw/texmf-dist/fonts/type1/public/
amsfonts/cm/cmr10.pfb></sw/spack-levante/texlive-live2021-l5o6sw/texmf-dist/fon
ts/type1/public/amsfonts/cm/cmr8.pfb></sw/spack-levante/texlive-live2021-l5o6sw
/texmf-dist/fonts/type1/public/amsfonts/cm/cmsy10.pfb></sw/spack-levante/texliv
e-live2021-l5o6sw/texmf-dist/fonts/type1/public/amsfonts/cm/cmsy8.pfb></sw/spac
k-levante/texlive-live2021-l5o6sw/texmf-dist/fonts/type1/public/amsfonts/symbol
s/msam10.pfb></sw/spack-levante/texlive-live2021-l5o6sw/texmf-dist/fonts/type1/
public/cm-super/sfbi1095.pfb></sw/spack-levante/texlive-live2021-l5o6sw/texmf-d
ist/fonts/type1/public/cm-super/sfbx1000.pfb></sw/spack-levante/texlive-live202
1-l5o6sw/texmf-dist/fonts/type1/public/cm-super/sfbx1095.pfb></sw/spack-levante
/texlive-live2021-l5o6sw/texmf-dist/fonts/type1/public/cm-super/sfbx1200.pfb></
sw/spack-levante/texlive-live2021-l5o6sw/texmf-dist/fonts/type1/public/cm-super
/sfbx1440.pfb></sw/spack-levante/texlive-live2021-l5o6sw/texmf-dist/fonts/type1
/public/cm-super/sfbx1728.pfb></sw/spack-levante/texlive-live2021-l5o6sw/texmf-
dist/fonts/type1/public/cm-super/sfit1000.pfb></sw/spack-levante/texlive-live20
21-l5o6sw/texmf-dist/fonts/type1/public/cm-super/sfrm1000.pfb></sw/spack-levant
e/texlive-live2021-l5o6sw/texmf-dist/fonts/type1/public/cm-super/sfrm1095.pfb><
/sw/spack-levante/texlive-live2021-l5o6sw/texmf-dist/fonts/type1/public/cm-supe
r/sfrm1200.pfb></sw/spack-levante/texlive-live2021-l5o6sw/texmf-dist/fonts/type
1/public/cm-super/sfti1000.pfb></sw/spack-levante/texlive-live2021-l5o6sw/texmf
-dist/fonts/type1/public/cm-super/sfti1095.pfb></sw/spack-levante/texlive-live2
021-l5o6sw/texmf-dist/fonts/type1/public/cm-super/sftt1000.pfb>
Output written on moving_cavity_investigation.pdf (29 pages, 4848653 bytes).
PDF statistics:
 513 PDF objects out of 1000 (max. 8388607)
 396 compressed objects within 4 object streams
 101 named destinations out of 1000 (max. 500000)
 288 words of extra memory for PDF output out of 10000 (max. 10000000)

