This is pdfTeX, Version 3.141592653-2.6-1.40.23 (TeX Live 2021) (preloaded format=pdflatex 2022.3.24)  3 AUG 2026 13:56
entering extended mode
 restricted \write18 enabled.
 %&-line parsing enabled.
**orography_smb_coupling.tex
(./orography_smb_coupling.tex
LaTeX2e <2021-11-15> patch level 1
L3 programming layer <2022-02-24>
(/sw/spack-levante/texlive-live2021-l5o6sw/texmf-dist/tex/latex/base/article.cl
s
Document Class: article 2021/10/04 v1.4n Standard LaTeX document class

(/sw/spack-levante/texlive-live2021-l5o6sw/texmf-dist/tex/latex/base/size11.clo
File: size11.clo 2021/10/04 v1.4n Standard LaTeX file (size option)
)
\c@part=\count185
\c@section=\count186
\c@subsection=\count187
\c@subsubsection=\count188
\c@paragraph=\count189
\c@subparagraph=\count190
\c@figure=\count191
\c@table=\count192
\abovecaptionskip=\skip47
\belowcaptionskip=\skip48
\bibindent=\dimen138
)
(/sw/spack-levante/texlive-live2021-l5o6sw/texmf-dist/tex/latex/geometry/geomet
ry.sty
Package: geometry 2020/01/02 v5.9 Page Geometry

(/sw/spack-levante/texlive-live2021-l5o6sw/texmf-dist/tex/latex/graphics/keyval
.sty
Package: keyval 2014/10/28 v1.15 key=value parser (DPC)
\KV@toks@=\toks16
)
(/sw/spack-levante/texlive-live2021-l5o6sw/texmf-dist/tex/generic/iftex/ifvtex.
sty
Package: ifvtex 2019/10/25 v1.7 ifvtex legacy package. Use iftex instead.

(/sw/spack-levante/texlive-live2021-l5o6sw/texmf-dist/tex/generic/iftex/iftex.s
ty
Package: iftex 2022/02/03 v1.0f TeX engine tests
))
\Gm@cnth=\count193
\Gm@cntv=\count194
\c@Gm@tempcnt=\count195
\Gm@bindingoffset=\dimen139
\Gm@wd@mp=\dimen140
\Gm@odd@mp=\dimen141
\Gm@even@mp=\dimen142
\Gm@layoutwidth=\dimen143
\Gm@layoutheight=\dimen144
\Gm@layouthoffset=\dimen145
\Gm@layoutvoffset=\dimen146
\Gm@dimlist=\toks17
)
(/sw/spack-levante/texlive-live2021-l5o6sw/texmf-dist/tex/latex/amsmath/amsmath
.sty
Package: amsmath 2021/10/15 v2.17l AMS math features
\@mathmargin=\skip49

For additional information on amsmath, use the `?' option.

(/sw/spack-levante/texlive-live2021-l5o6sw/texmf-dist/tex/latex/amsmath/amstext
.sty
Package: amstext 2021/08/26 v2.01 AMS text

(/sw/spack-levante/texlive-live2021-l5o6sw/texmf-dist/tex/latex/amsmath/amsgen.
sty
File: amsgen.sty 1999/11/30 v2.0 generic functions
\@emptytoks=\toks18
\ex@=\dimen147
))
(/sw/spack-levante/texlive-live2021-l5o6sw/texmf-dist/tex/latex/amsmath/amsbsy.
sty
Package: amsbsy 1999/11/29 v1.2d Bold Symbols
\pmbraise@=\dimen148
)
(/sw/spack-levante/texlive-live2021-l5o6sw/texmf-dist/tex/latex/amsmath/amsopn.
sty
Package: amsopn 2021/08/26 v2.02 operator names
)
\inf@bad=\count196
LaTeX Info: Redefining \frac on input line 234.
\uproot@=\count197
\leftroot@=\count198
LaTeX Info: Redefining \overline on input line 399.
\classnum@=\count199
\DOTSCASE@=\count266
LaTeX Info: Redefining \ldots on input line 496.
LaTeX Info: Redefining \dots on input line 499.
LaTeX Info: Redefining \cdots on input line 620.
\Mathstrutbox@=\box50
\strutbox@=\box51
\big@size=\dimen149
LaTeX Font Info:    Redeclaring font encoding OML on input line 743.
LaTeX Font Info:    Redeclaring font encoding OMS on input line 744.
\macc@depth=\count267
\c@MaxMatrixCols=\count268
\dotsspace@=\muskip16
\c@parentequation=\count269
\dspbrk@lvl=\count270
\tag@help=\toks19
\row@=\count271
\column@=\count272
\maxfields@=\count273
\andhelp@=\toks20
\eqnshift@=\dimen150
\alignsep@=\dimen151
\tagshift@=\dimen152
\tagwidth@=\dimen153
\totwidth@=\dimen154
\lineht@=\dimen155
\@envbody=\toks21
\multlinegap=\skip50
\multlinetaggap=\skip51
\mathdisplay@stack=\toks22
LaTeX Info: Redefining \[ on input line 2938.
LaTeX Info: Redefining \] on input line 2939.
)
(/sw/spack-levante/texlive-live2021-l5o6sw/texmf-dist/tex/latex/amsfonts/amssym
b.sty
Package: amssymb 2013/01/14 v3.01 AMS font symbols

(/sw/spack-levante/texlive-live2021-l5o6sw/texmf-dist/tex/latex/amsfonts/amsfon
ts.sty
Package: amsfonts 2013/01/14 v3.01 Basic AMSFonts support
\symAMSa=\mathgroup4
\symAMSb=\mathgroup5
LaTeX Font Info:    Redeclaring math symbol \hbar on input line 98.
LaTeX Font Info:    Overwriting math alphabet `\mathfrak' in version `bold'
(Font)                  U/euf/m/n --> U/euf/b/n on input line 106.
))
(/sw/spack-levante/texlive-live2021-l5o6sw/texmf-dist/tex/latex/booktabs/bookta
bs.sty
Package: booktabs 2020/01/12 v1.61803398 Publication quality tables
\heavyrulewidth=\dimen156
\lightrulewidth=\dimen157
\cmidrulewidth=\dimen158
\belowrulesep=\dimen159
\belowbottomsep=\dimen160
\aboverulesep=\dimen161
\abovetopsep=\dimen162
\cmidrulesep=\dimen163
\cmidrulekern=\dimen164
\defaultaddspace=\dimen165
\@cmidla=\count274
\@cmidlb=\count275
\@aboverulesep=\dimen166
\@belowrulesep=\dimen167
\@thisruleclass=\count276
\@lastruleclass=\count277
\@thisrulewidth=\dimen168
)
(/sw/spack-levante/texlive-live2021-l5o6sw/texmf-dist/tex/latex/tools/longtable
.sty
Package: longtable 2021-09-01 v4.17 Multi-page Table package (DPC)
\LTleft=\skip52
\LTright=\skip53
\LTpre=\skip54
\LTpost=\skip55
\LTchunksize=\count278
\LTcapwidth=\dimen169
\LT@head=\box52
\LT@firsthead=\box53
\LT@foot=\box54
\LT@lastfoot=\box55
\LT@gbox=\box56
\LT@cols=\count279
\LT@rows=\count280
\c@LT@tables=\count281
\c@LT@chunks=\count282
\LT@p@ftn=\toks23
)
(/sw/spack-levante/texlive-live2021-l5o6sw/texmf-dist/tex/latex/xcolor/xcolor.s
ty
Package: xcolor 2021/10/31 v2.13 LaTeX color extensions (UK)

(/sw/spack-levante/texlive-live2021-l5o6sw/texmf-dist/tex/latex/graphics-cfg/co
lor.cfg
File: color.cfg 2016/01/02 v1.6 sample color configuration
)
Package xcolor Info: Driver file: pdftex.def on input line 227.

(/sw/spack-levante/texlive-live2021-l5o6sw/texmf-dist/tex/latex/graphics-def/pd
ftex.def
File: pdftex.def 2020/10/05 v1.2a Graphics/color driver for pdftex
)
Package xcolor Info: Model `cmy' substituted by `cmy0' on input line 1352.
Package xcolor Info: Model `hsb' substituted by `rgb' on input line 1356.
Package xcolor Info: Model `RGB' extended on input line 1368.
Package xcolor Info: Model `HTML' substituted by `rgb' on input line 1370.
Package xcolor Info: Model `Hsb' substituted by `hsb' on input line 1371.
Package xcolor Info: Model `tHsb' substituted by `hsb' on input line 1372.
Package xcolor Info: Model `HSB' substituted by `hsb' on input line 1373.
Package xcolor Info: Model `Gray' substituted by `gray' on input line 1374.
Package xcolor Info: Model `wave' substituted by `hsb' on input line 1375.
)
(/sw/spack-levante/texlive-live2021-l5o6sw/texmf-dist/tex/latex/hyperref/hyperr
ef.sty
Package: hyperref 2022-02-21 v7.00n Hypertext links for LaTeX

(/sw/spack-levante/texlive-live2021-l5o6sw/texmf-dist/tex/generic/ltxcmds/ltxcm
ds.sty
Package: ltxcmds 2020-05-10 v1.25 LaTeX kernel commands for general use (HO)
)
(/sw/spack-levante/texlive-live2021-l5o6sw/texmf-dist/tex/generic/pdftexcmds/pd
ftexcmds.sty
Package: pdftexcmds 2020-06-27 v0.33 Utility functions of pdfTeX for LuaTeX (HO
)

(/sw/spack-levante/texlive-live2021-l5o6sw/texmf-dist/tex/generic/infwarerr/inf
warerr.sty
Package: infwarerr 2019/12/03 v1.5 Providing info/warning/error messages (HO)
)
Package pdftexcmds Info: \pdf@primitive is available.
Package pdftexcmds Info: \pdf@ifprimitive is available.
Package pdftexcmds Info: \pdfdraftmode found.
)
(/sw/spack-levante/texlive-live2021-l5o6sw/texmf-dist/tex/generic/kvsetkeys/kvs
etkeys.sty
Package: kvsetkeys 2019/12/15 v1.18 Key value parser (HO)
)
(/sw/spack-levante/texlive-live2021-l5o6sw/texmf-dist/tex/generic/kvdefinekeys/
kvdefinekeys.sty
Package: kvdefinekeys 2019-12-19 v1.6 Define keys (HO)
)
(/sw/spack-levante/texlive-live2021-l5o6sw/texmf-dist/tex/generic/pdfescape/pdf
escape.sty
Package: pdfescape 2019/12/09 v1.15 Implements pdfTeX's escape features (HO)
)
(/sw/spack-levante/texlive-live2021-l5o6sw/texmf-dist/tex/latex/hycolor/hycolor
.sty
Package: hycolor 2020-01-27 v1.10 Color options for hyperref/bookmark (HO)
)
(/sw/spack-levante/texlive-live2021-l5o6sw/texmf-dist/tex/latex/letltxmacro/let
ltxmacro.sty
Package: letltxmacro 2019/12/03 v1.6 Let assignment for LaTeX macros (HO)
)
(/sw/spack-levante/texlive-live2021-l5o6sw/texmf-dist/tex/latex/auxhook/auxhook
.sty
Package: auxhook 2019-12-17 v1.6 Hooks for auxiliary files (HO)
)
(/sw/spack-levante/texlive-live2021-l5o6sw/texmf-dist/tex/latex/kvoptions/kvopt
ions.sty
Package: kvoptions 2020-10-07 v3.14 Key value format for package options (HO)
)
\@linkdim=\dimen170
\Hy@linkcounter=\count283
\Hy@pagecounter=\count284

(/sw/spack-levante/texlive-live2021-l5o6sw/texmf-dist/tex/latex/hyperref/pd1enc
.def
File: pd1enc.def 2022-02-21 v7.00n Hyperref: PDFDocEncoding definition (HO)
Now handling font encoding PD1 ...
... no UTF-8 mapping file for font encoding PD1
)
(/sw/spack-levante/texlive-live2021-l5o6sw/texmf-dist/tex/generic/intcalc/intca
lc.sty
Package: intcalc 2019/12/15 v1.3 Expandable calculations with integers (HO)
)
(/sw/spack-levante/texlive-live2021-l5o6sw/texmf-dist/tex/generic/etexcmds/etex
cmds.sty
Package: etexcmds 2019/12/15 v1.7 Avoid name clashes with e-TeX commands (HO)
)
\Hy@SavedSpaceFactor=\count285

(/sw/spack-levante/texlive-live2021-l5o6sw/texmf-dist/tex/latex/hyperref/puenc.
def
File: puenc.def 2022-02-21 v7.00n Hyperref: PDF Unicode definition (HO)
Now handling font encoding PU ...
... no UTF-8 mapping file for font encoding PU
)
Package hyperref Info: Hyper figures OFF on input line 4137.
Package hyperref Info: Link nesting OFF on input line 4142.
Package hyperref Info: Hyper index ON on input line 4145.
Package hyperref Info: Plain pages OFF on input line 4152.
Package hyperref Info: Backreferencing OFF on input line 4157.
Package hyperref Info: Implicit mode ON; LaTeX internals redefined.
Package hyperref Info: Bookmarks ON on input line 4390.
\c@Hy@tempcnt=\count286

(/sw/spack-levante/texlive-live2021-l5o6sw/texmf-dist/tex/latex/url/url.sty
\Urlmuskip=\muskip17
Package: url 2013/09/16  ver 3.4  Verb mode for urls, etc.
)
LaTeX Info: Redefining \url on input line 4749.
\XeTeXLinkMargin=\dimen171

(/sw/spack-levante/texlive-live2021-l5o6sw/texmf-dist/tex/generic/bitset/bitset
.sty
Package: bitset 2019/12/09 v1.3 Handle bit-vector datatype (HO)

(/sw/spack-levante/texlive-live2021-l5o6sw/texmf-dist/tex/generic/bigintcalc/bi
gintcalc.sty
Package: bigintcalc 2019/12/15 v1.5 Expandable calculations on big integers (HO
)
))
\Fld@menulength=\count287
\Field@Width=\dimen172
\Fld@charsize=\dimen173
Package hyperref Info: Hyper figures OFF on input line 6027.
Package hyperref Info: Link nesting OFF on input line 6032.
Package hyperref Info: Hyper index ON on input line 6035.
Package hyperref Info: backreferencing OFF on input line 6042.
Package hyperref Info: Link coloring OFF on input line 6047.
Package hyperref Info: Link coloring with OCG OFF on input line 6052.
Package hyperref Info: PDF/A mode OFF on input line 6057.
LaTeX Info: Redefining \ref on input line 6097.
LaTeX Info: Redefining \pageref on input line 6101.

(/sw/spack-levante/texlive-live2021-l5o6sw/texmf-dist/tex/latex/base/atbegshi-l
tx.sty
Package: atbegshi-ltx 2021/01/10 v1.0c Emulation of the original atbegshi
package with kernel methods
)
\Hy@abspage=\count288
\c@Item=\count289
\c@Hfootnote=\count290
)
Package hyperref Info: Driver (autodetected): hpdftex.

(/sw/spack-levante/texlive-live2021-l5o6sw/texmf-dist/tex/latex/hyperref/hpdfte
x.def
File: hpdftex.def 2022-02-21 v7.00n Hyperref driver for pdfTeX

(/sw/spack-levante/texlive-live2021-l5o6sw/texmf-dist/tex/latex/base/atveryend-
ltx.sty
Package: atveryend-ltx 2020/08/19 v1.0a Emulation of the original atveryend pac
kage
with kernel methods
)
\Fld@listcount=\count291
\c@bookmark@seq@number=\count292

(/sw/spack-levante/texlive-live2021-l5o6sw/texmf-dist/tex/latex/rerunfilecheck/
rerunfilecheck.sty
Package: rerunfilecheck 2019/12/05 v1.9 Rerun checks for auxiliary files (HO)

(/sw/spack-levante/texlive-live2021-l5o6sw/texmf-dist/tex/generic/uniquecounter
/uniquecounter.sty
Package: uniquecounter 2019/12/15 v1.4 Provide unlimited unique counter (HO)
)
Package uniquecounter Info: New unique counter `rerunfilecheck' on input line 2
86.
)
\Hy@SectionHShift=\skip56
)
(/sw/spack-levante/texlive-live2021-l5o6sw/texmf-dist/tex/latex/graphics/graphi
cx.sty
Package: graphicx 2021/09/16 v1.2d Enhanced LaTeX Graphics (DPC,SPQR)

(/sw/spack-levante/texlive-live2021-l5o6sw/texmf-dist/tex/latex/graphics/graphi
cs.sty
Package: graphics 2021/03/04 v1.4d Standard LaTeX Graphics (DPC,SPQR)

(/sw/spack-levante/texlive-live2021-l5o6sw/texmf-dist/tex/latex/graphics/trig.s
ty
Package: trig 2021/08/11 v1.11 sin cos tan (DPC)
)
(/sw/spack-levante/texlive-live2021-l5o6sw/texmf-dist/tex/latex/graphics-cfg/gr
aphics.cfg
File: graphics.cfg 2016/06/04 v1.11 sample graphics configuration
)
Package graphics Info: Driver file: pdftex.def on input line 107.
)
\Gin@req@height=\dimen174
\Gin@req@width=\dimen175
)
(/sw/spack-levante/texlive-live2021-l5o6sw/texmf-dist/tex/latex/float/float.sty
Package: float 2001/11/08 v1.3d Float enhancements (AL)
\c@float@type=\count293
\float@exts=\toks24
\float@box=\box57
\@float@everytoks=\toks25
\@floatcapt=\box58
)
(/sw/spack-levante/texlive-live2021-l5o6sw/texmf-dist/tex/latex/base/fontenc.st
y
Package: fontenc 2021/04/29 v2.0v Standard LaTeX package
)
(/sw/spack-levante/texlive-live2021-l5o6sw/texmf-dist/tex/generic/ulem/ulem.sty
\UL@box=\box59
\UL@hyphenbox=\box60
\UL@skip=\skip57
\UL@hook=\toks26
\UL@height=\dimen176
\UL@pe=\count294
\UL@pixel=\dimen177
\ULC@box=\box61
Package: ulem 2019/11/18
\ULdepth=\dimen178
)
Package hyperref Info: Option `colorlinks' set `true' on input line 7.

(/sw/spack-levante/texlive-live2021-l5o6sw/texmf-dist/tex/latex/l3backend/l3bac
kend-pdftex.def
File: l3backend-pdftex.def 2022-02-07 L3 backend support: PDF output (pdfTeX)
\l__color_backend_stack_int=\count295
\l__pdf_internal_box=\box62
) (./orography_smb_coupling.aux)
\openout1 = `orography_smb_coupling.aux'.

LaTeX Font Info:    Checking defaults for OML/cmm/m/it on input line 19.
LaTeX Font Info:    ... okay on input line 19.
LaTeX Font Info:    Checking defaults for OMS/cmsy/m/n on input line 19.
LaTeX Font Info:    ... okay on input line 19.
LaTeX Font Info:    Checking defaults for OT1/cmr/m/n on input line 19.
LaTeX Font Info:    ... okay on input line 19.
LaTeX Font Info:    Checking defaults for T1/cmr/m/n on input line 19.
LaTeX Font Info:    ... okay on input line 19.
LaTeX Font Info:    Checking defaults for TS1/cmr/m/n on input line 19.
LaTeX Font Info:    ... okay on input line 19.
LaTeX Font Info:    Checking defaults for OMX/cmex/m/n on input line 19.
LaTeX Font Info:    ... okay on input line 19.
LaTeX Font Info:    Checking defaults for U/cmr/m/n on input line 19.
LaTeX Font Info:    ... okay on input line 19.
LaTeX Font Info:    Checking defaults for PD1/pdf/m/n on input line 19.
LaTeX Font Info:    ... okay on input line 19.
LaTeX Font Info:    Checking defaults for PU/pdf/m/n on input line 19.
LaTeX Font Info:    ... okay on input line 19.

*geometry* driver: auto-detecting
*geometry* detected driver: pdftex
*geometry* verbose mode - [ preamble ] result:
* driver: pdftex
* paper: a4paper
* layout: <same size as paper>
* layoutoffset:(h,v)=(0.0pt,0.0pt)
* modes: 
* h-part:(L,W,R)=(62.59596pt, 472.31595pt, 62.59596pt)
* v-part:(T,H,B)=(62.59596pt, 719.85492pt, 62.59596pt)
* \paperwidth=597.50787pt
* \paperheight=845.04684pt
* \textwidth=472.31595pt
* \textheight=719.85492pt
* \oddsidemargin=-9.67403pt
* \evensidemargin=-9.67403pt
* \topmargin=-46.67403pt
* \headheight=12.0pt
* \headsep=25.0pt
* \topskip=11.0pt
* \footskip=30.0pt
* \marginparwidth=50.0pt
* \marginparsep=10.0pt
* \columnsep=10.0pt
* \skip\footins=10.0pt plus 4.0pt minus 2.0pt
* \hoffset=0.0pt
* \voffset=0.0pt
* \mag=1000
* \@twocolumnfalse
* \@twosidefalse
* \@mparswitchfalse
* \@reversemarginfalse
* (1in=72.27pt=25.4mm, 1cm=28.453pt)


(/sw/spack-levante/texlive-live2021-l5o6sw/texmf-dist/tex/context/base/mkii/sup
p-pdf.mkii
[Loading MPS to PDF converter (version 2006.09.02).]
\scratchcounter=\count296
\scratchdimen=\dimen179
\scratchbox=\box63
\nofMPsegments=\count297
\nofMParguments=\count298
\everyMPshowfont=\toks27
\MPscratchCnt=\count299
\MPscratchDim=\dimen180
\MPnumerator=\count300
\makeMPintoPDFobject=\count301
\everyMPtoPDFconversion=\toks28
)
(/sw/spack-levante/texlive-live2021-l5o6sw/texmf-dist/tex/latex/epstopdf-pkg/ep
stopdf-base.sty
Package: epstopdf-base 2020-01-24 v2.11 Base part for package epstopdf

(/sw/spack-levante/texlive-live2021-l5o6sw/texmf-dist/tex/latex/grfext/grfext.s
ty
Package: grfext 2019/12/03 v1.3 Manage graphics extensions (HO)
)
Package epstopdf-base Info: Redefining graphics rule for `.eps' on input line 4
85.
Package grfext Info: Graphics extension search list:
(grfext)             [.pdf,.png,.jpg,.mps,.jpeg,.jbig2,.jb2,.PDF,.PNG,.JPG,.JPE
G,.JBIG2,.JB2,.eps]
(grfext)             \AppendGraphicsExtensions on input line 504.

(/sw/spack-levante/texlive-live2021-l5o6sw/texmf-dist/tex/latex/latexconfig/eps
topdf-sys.cfg
File: epstopdf-sys.cfg 2010/07/13 v1.3 Configuration of (r)epstopdf for TeX Liv
e
))
Package hyperref Info: Link coloring ON on input line 19.

(/sw/spack-levante/texlive-live2021-l5o6sw/texmf-dist/tex/latex/hyperref/namere
f.sty
Package: nameref 2021-04-02 v2.47 Cross-referencing by name of section

(/sw/spack-levante/texlive-live2021-l5o6sw/texmf-dist/tex/latex/refcount/refcou
nt.sty
Package: refcount 2019/12/15 v3.6 Data extraction from label references (HO)
)
(/sw/spack-levante/texlive-live2021-l5o6sw/texmf-dist/tex/generic/gettitlestrin
g/gettitlestring.sty
Package: gettitlestring 2019/12/15 v1.6 Cleanup title references (HO)
)
\c@section@level=\count302
)
LaTeX Info: Redefining \ref on input line 19.
LaTeX Info: Redefining \pageref on input line 19.
LaTeX Info: Redefining \nameref on input line 19.
 (./orography_smb_coupling.out)
(./orography_smb_coupling.out)
\@outlinefile=\write3
\openout3 = `orography_smb_coupling.out'.

LaTeX Font Info:    Trying to load font information for U+msa on input line 21.


(/sw/spack-levante/texlive-live2021-l5o6sw/texmf-dist/tex/latex/amsfonts/umsa.f
d
File: umsa.fd 2013/01/14 v3.01 AMS symbols A
)
LaTeX Font Info:    Trying to load font information for U+msb on input line 21.


(/sw/spack-levante/texlive-live2021-l5o6sw/texmf-dist/tex/latex/amsfonts/umsb.f
d
File: umsb.fd 2013/01/14 v3.01 AMS symbols B
)
LaTeX Font Info:    Trying to load font information for T1+cmtt on input line 2
9.

(/sw/spack-levante/texlive-live2021-l5o6sw/texmf-dist/tex/latex/base/t1cmtt.fd
File: t1cmtt.fd 2019/12/16 v2.5j Standard LaTeX font definitions
) (./orography_smb_coupling.toc
LaTeX Font Info:    Font shape `T1/cmtt/bx/n' in size <10.95> not available
(Font)              Font shape `T1/cmtt/m/n' tried instead on input line 2.
LaTeX Font Info:    Font shape `T1/cmtt/bx/n' in size <10> not available
(Font)              Font shape `T1/cmtt/m/n' tried instead on input line 2.
)
\tf@toc=\write4
\openout4 = `orography_smb_coupling.toc'.

 [1

{/sw/spack-levante/texlive-live2021-l5o6sw/texmf-var/fonts/map/pdftex/updmap/pd
ftex.map}]
LaTeX Font Info:    Font shape `T1/cmtt/bx/n' in size <14.4> not available
(Font)              Font shape `T1/cmtt/m/n' tried instead on input line 47.

Overfull \hbox (244.96536pt too wide) in paragraph at lines 53--59
\T1/cmtt/m/n/10 couplings/oifs/just_copy_stuff.functions \T1/cmr/m/n/10.95 copi
es \T1/cmtt/m/n/10 atmosphere_file_for_ice.nc \T1/cmr/m/n/10.95 ver-ba-tim out 
of \T1/cmtt/m/n/10 a270122/lars_and_paul/experiments/E130ka_coupled3\T1/cmr/m/n
/10.95 .
 []


Overfull \hbox (26.52565pt too wide) in paragraph at lines 75--77
[]\T1/cmtt/m/n/10 ECE_LANDICE \T1/cmr/m/n/10.95 reads \T1/cmtt/m/n/10 plit_oifs
 \T1/cmr/m/n/10.95 from the same file and pub-lishes it through \T1/cmtt/m/n/10
 SURFECE_SET_LANDICE_LOCAL\T1/cmr/m/n/10.95 . 
 []


Overfull \hbox (58.17865pt too wide) in paragraph at lines 79--82
[]\T1/cmr/m/n/10.95 We run \T1/cmtt/m/n/10 ECE_LANDICE \T1/cmr/m/n/10.95 only. 
And the \T1/cmtt/m/n/10 plit \T1/cmr/m/n/10.95 we write is not PISM's ice mask:
 \T1/cmtt/m/n/10 couplings/fesom/make_plit_oifs.py
 []


Overfull \hbox (53.72258pt too wide) in paragraph at lines 106--112
\T1/cmr/m/n/10.95 soil tem-per-a-ture and SST from OIFS ev-ery cou-pling step, 
ac-cu-mu-lates, and writes \T1/cmtt/m/n/10 {region}_smb_{year}.nc
 []

[2] [3]
Overfull \hbox (2.3633pt too wide) in paragraph at lines 214--219
\T1/cmr/m/n/10.95 SIS 5.2 links against our 5.0-smhi; it does, with no source c
hange. The bi-nary car-ries \T1/cmtt/m/n/10 oasis_init_comp\T1/cmr/m/n/10.95 ,
 []


Overfull \hbox (40.44539pt too wide) in paragraph at lines 223--232
\T1/cmr/m/n/10.95 The ISM-mapper is an OA-SIS com-po-nent, so the PISM do-main 
has to ap-pear in \T1/cmtt/m/n/10 grids.nc\T1/cmr/m/n/10.95 /\T1/cmtt/m/n/10 ma
sks.nc\T1/cmr/m/n/10.95 /\T1/cmtt/m/n/10 areas.nc\T1/cmr/m/n/10.95 .
 []

[4]
Overfull \hbox (19.54843pt too wide) in paragraph at lines 256--263
[]\T1/cmr/m/n/10.95 Two con-se-quences for us. First, grid ge-om-e-try is read 
back from the very \T1/cmtt/m/n/10 grids.nc\T1/cmr/m/n/10.95 /\T1/cmtt/m/n/10 m
asks.nc\T1/cmr/m/n/10.95 /\T1/cmtt/m/n/10 areas.nc
 []


Overfull \hbox (9.81737pt too wide) in paragraph at lines 256--263
\T1/cmr/m/n/10.95 putes ge-om-e-try. Sec-ond, this needs com-pute nodes: esm_to
ols drives it with \T1/cmtt/m/n/10 OCP_WEIGHTGEN_DRIVER_PY\T1/cmr/m/n/10.95 ,
 []

LaTeX Font Info:    Font shape `T1/cmtt/bx/n' in size <12> not available
(Font)              Font shape `T1/cmtt/m/n' tried instead on input line 269.
[5]
Overfull \hbox (89.35425pt too wide) in paragraph at lines 304--306
[]\T1/cmr/bx/n/10.95 Per-leg \T1/cmtt/m/n/10 namelist.ismm \T1/cmr/m/n/10.95 (\
T1/cmtt/m/n/10 RunLengthSec\T1/cmr/m/n/10.95 , \T1/cmtt/m/n/10 TimeStepSec\T1/c
mr/m/n/10.95 , \T1/cmtt/m/n/10 StartDate\T1/cmr/m/n/10.95 , the re-gion lists) 
and the \T1/cmtt/m/n/10 cpl_dir/{aux,prev_year}
 []


Overfull \hbox (64.24484pt too wide) in paragraph at lines 309--312
\T1/cmtt/m/n/10 esm_tools\T1/cmr/m/n/10.95 , \T1/cmtt/m/n/10 oifs-48r1 \T1/cmr/
m/n/10.95 and \T1/cmtt/m/n/10 ecearth4 \T1/cmr/m/n/10.95 all have to be pushed 
be-fore a fresh \T1/cmtt/m/n/10 esm_master comp-awiesm3-develop-is
 []


Overfull \hbox (1.16408pt too wide) in paragraph at lines 325--330
\T1/cmr/m/n/10.95 into \T1/cmtt/m/n/10 antar_pism2ece.nc\T1/cmr/m/n/10.95 . EC-
Earth uses pre-com-puted \T1/cmtt/m/n/10 pism2ifs_con_weights_{region}.nc\T1/cm
r/m/n/10.95 ; ours
 []

[6]
Overfull \hbox (142.09927pt too wide) in paragraph at lines 342--345
\T1/cmtt/m/n/10 /work/ab0246/a270092/model_codes/ecearth4\T1/cmr/m/n/10.95 . Ru
n-time ev-i-dence from \T1/cmtt/m/n/10 /work/ab0246/a270092/runtime/awiesm3-dev
elop-is/eval5\T1/cmr/m/n/10.95 . 
 []


Overfull \hbox (10.235pt too wide) in paragraph at lines 347--357
 [] 
 []


Overfull \hbox (97.12614pt too wide) in paragraph at lines 359--363
\T1/cmtt/m/n/10 e29f59a \T1/cmr/m/n/10.95 and should be re-moved once the ocp-t
ool branch merges; its out-put, in \T1/cmtt/m/n/10 /work/ab0246/a270092/input/p
ism/oasis/\T1/cmr/m/n/10.95 ,
 []

[7] (./orography_smb_coupling.aux)

LaTeX Warning: Label(s) may have changed. Rerun to get cross-references right.

Package rerunfilecheck Info: File `orography_smb_coupling.out' has not changed.

(rerunfilecheck)             Checksum: 3193F18F4AD0D766A20AC8DE5C2A25E7;3765.
 ) 
Here is how much of TeX's memory you used:
 10934 strings out of 478276
 169630 string characters out of 5837522
 477845 words of memory out of 5000000
 28946 multiletter control sequences out of 15000+600000
 491021 words of font info for 86 fonts, out of 8000000 for 9000
 1141 hyphenation exceptions out of 8191
 60i,7n,63p,482b,416s stack positions out of 5000i,500n,10000p,200000b,80000s
{/sw/spack-levante/texlive-live2021-l5o6sw/texmf-dist/fonts/enc/dvips/cm-supe
r/cm-super-t1.enc}{/sw/spack-levante/texlive-live2021-l5o6sw/texmf-dist/fonts/e
nc/dvips/cm-super/cm-super-ts1.enc}</sw/spack-levante/texlive-live2021-l5o6sw/t
exmf-dist/fonts/type1/public/amsfonts/cm/cmmi10.pfb></sw/spack-levante/texlive-
live2021-l5o6sw/texmf-dist/fonts/type1/public/amsfonts/cm/cmmi8.pfb></sw/spack-
levante/texlive-live2021-l5o6sw/texmf-dist/fonts/type1/public/amsfonts/cm/cmr10
.pfb></sw/spack-levante/texlive-live2021-l5o6sw/texmf-dist/fonts/type1/public/a
msfonts/cm/cmr8.pfb></sw/spack-levante/texlive-live2021-l5o6sw/texmf-dist/fonts
/type1/public/amsfonts/cm/cmsy10.pfb></sw/spack-levante/texlive-live2021-l5o6sw
/texmf-dist/fonts/type1/public/amsfonts/cm/cmsy8.pfb></sw/spack-levante/texlive
-live2021-l5o6sw/texmf-dist/fonts/type1/public/cm-super/sfbx1000.pfb></sw/spack
-levante/texlive-live2021-l5o6sw/texmf-dist/fonts/type1/public/cm-super/sfbx109
5.pfb></sw/spack-levante/texlive-live2021-l5o6sw/texmf-dist/fonts/type1/public/
cm-super/sfbx1200.pfb></sw/spack-levante/texlive-live2021-l5o6sw/texmf-dist/fon
ts/type1/public/cm-super/sfbx1440.pfb></sw/spack-levante/texlive-live2021-l5o6s
w/texmf-dist/fonts/type1/public/cm-super/sfbx1728.pfb></sw/spack-levante/texliv
e-live2021-l5o6sw/texmf-dist/fonts/type1/public/cm-super/sfrm1000.pfb></sw/spac
k-levante/texlive-live2021-l5o6sw/texmf-dist/fonts/type1/public/cm-super/sfrm10
95.pfb></sw/spack-levante/texlive-live2021-l5o6sw/texmf-dist/fonts/type1/public
/cm-super/sfrm1200.pfb></sw/spack-levante/texlive-live2021-l5o6sw/texmf-dist/fo
nts/type1/public/cm-super/sfti1000.pfb></sw/spack-levante/texlive-live2021-l5o6
sw/texmf-dist/fonts/type1/public/cm-super/sfti1095.pfb></sw/spack-levante/texli
ve-live2021-l5o6sw/texmf-dist/fonts/type1/public/cm-super/sftt1000.pfb>
Output written on orography_smb_coupling.pdf (7 pages, 328275 bytes).
PDF statistics:
 241 PDF objects out of 1000 (max. 8388607)
 195 compressed objects within 2 object streams
 30 named destinations out of 1000 (max. 500000)
 153 words of extra memory for PDF output out of 10000 (max. 10000000)

